2026-07-26 18:31:46.330 | INFO     | app.core.logging:configure_logging:43 - Logging configured for env='development' level='INFO'
2026-07-26 18:31:46.331 | INFO     | app.main:lifespan:23 - Starting FPL Oracle AI [development]
2026-07-27 17:40:53.088 | INFO     | app.core.logging:configure_logging:43 - Logging configured for env='development' level='INFO'
2026-07-27 17:40:53.370 | INFO     | app.db.session:init_db:60 - Database schema ensured at sqlite:///./data/fpl_oracle.db
2026-07-27 17:40:53.371 | INFO     | __main__:main:19 - Database initialised successfully.
2026-07-28 10:22:40.931 | INFO     | app.core.logging:configure_logging:43 - Logging configured for env='development' level='INFO'
2026-07-28 10:22:40.932 | INFO     | app.main:lifespan:24 - Starting FPL Oracle AI [development]
2026-07-28 12:43:55.976 | INFO     | app.main:lifespan:26 - Shutting down FPL Oracle AI
2026-07-28 12:44:10.327 | INFO     | app.core.logging:configure_logging:43 - Logging configured for env='development' level='INFO'
2026-07-28 12:44:10.329 | INFO     | app.main:lifespan:24 - Starting FPL Oracle AI [development]
2026-07-28 12:45:12.023 | INFO     | app.main:lifespan:26 - Shutting down FPL Oracle AI
2026-07-28 21:09:17.564 | INFO     | app.core.logging:configure_logging:43 - Logging configured for env='development' level='INFO'
2026-07-28 21:09:17.580 | INFO     | app.db.session:init_db:60 - Database schema ensured at sqlite:///./data/fpl_oracle.db
2026-07-28 21:09:18.390 | INFO     | __main__:run:27 - Fetching bootstrap-static and fixtures from the FPL API...
2026-07-28 21:09:19.497 | ERROR    | __main__:main:84 - Sync failed: Response for bootstrap-static did not match expected schema: 20 validation errors for FPLBootstrapStatic
teams.0.strength
  Input should be a valid integer [type=int_type, input_value=None, input_type=NoneType]
    For further information visit https://errors.pydantic.dev/2.12/v/int_type
teams.1.strength
  Input should be a valid integer [type=int_type, input_value=None, input_type=NoneType]
    For further information visit https://errors.pydantic.dev/2.12/v/int_type
teams.2.strength
  Input should be a valid integer [type=int_type, input_value=None, input_type=NoneType]
    For further information visit https://errors.pydantic.dev/2.12/v/int_type
teams.3.strength
  Input should be a valid integer [type=int_type, input_value=None, input_type=NoneType]
    For further information visit https://errors.pydantic.dev/2.12/v/int_type
teams.4.strength
  Input should be a valid integer [type=int_type, input_value=None, input_type=NoneType]
    For further information visit https://errors.pydantic.dev/2.12/v/int_type
teams.5.strength
  Input should be a valid integer [type=int_type, input_value=None, input_type=NoneType]
    For further information visit https://errors.pydantic.dev/2.12/v/int_type
teams.6.strength
  Input should be a valid integer [type=int_type, input_value=None, input_type=NoneType]
    For further information visit https://errors.pydantic.dev/2.12/v/int_type
teams.7.strength
  Input should be a valid integer [type=int_type, input_value=None, input_type=NoneType]
    For further information visit https://errors.pydantic.dev/2.12/v/int_type
teams.8.strength
  Input should be a valid integer [type=int_type, input_value=None, input_type=NoneType]
    For further information visit https://errors.pydantic.dev/2.12/v/int_type
teams.9.strength
  Input should be a valid integer [type=int_type, input_value=None, input_type=NoneType]
    For further information visit https://errors.pydantic.dev/2.12/v/int_type
teams.10.strength
  Input should be a valid integer [type=int_type, input_value=None, input_type=NoneType]
    For further information visit https://errors.pydantic.dev/2.12/v/int_type
teams.11.strength
  Input should be a valid integer [type=int_type, input_value=None, input_type=NoneType]
    For further information visit https://errors.pydantic.dev/2.12/v/int_type
teams.12.strength
  Input should be a valid integer [type=int_type, input_value=None, input_type=NoneType]
    For further information visit https://errors.pydantic.dev/2.12/v/int_type
teams.13.strength
  Input should be a valid integer [type=int_type, input_value=None, input_type=NoneType]
    For further information visit https://errors.pydantic.dev/2.12/v/int_type
teams.14.strength
  Input should be a valid integer [type=int_type, input_value=None, input_type=NoneType]
    For further information visit https://errors.pydantic.dev/2.12/v/int_type
teams.15.strength
  Input should be a valid integer [type=int_type, input_value=None, input_type=NoneType]
    For further information visit https://errors.pydantic.dev/2.12/v/int_type
teams.16.strength
  Input should be a valid integer [type=int_type, input_value=None, input_type=NoneType]
    For further information visit https://errors.pydantic.dev/2.12/v/int_type
teams.17.strength
  Input should be a valid integer [type=int_type, input_value=None, input_type=NoneType]
    For further information visit https://errors.pydantic.dev/2.12/v/int_type
teams.18.strength
  Input should be a valid integer [type=int_type, input_value=None, input_type=NoneType]
    For further information visit https://errors.pydantic.dev/2.12/v/int_type
teams.19.strength
  Input should be a valid integer [type=int_type, input_value=None, input_type=NoneType]
    For further information visit https://errors.pydantic.dev/2.12/v/int_type
2026-07-28 21:19:57.394 | INFO     | app.core.logging:configure_logging:43 - Logging configured for env='development' level='INFO'
2026-07-28 21:19:57.407 | INFO     | app.db.session:init_db:60 - Database schema ensured at sqlite:///./data/fpl_oracle.db
2026-07-28 21:19:57.923 | INFO     | __main__:run:27 - Fetching bootstrap-static and fixtures from the FPL API...
2026-07-28 21:20:00.481 | INFO     | app.services.ingestion.service:sync_teams:120 - Team sync complete: 20 created, 0 updated, 0 failed
2026-07-28 21:20:01.075 | INFO     | app.services.ingestion.service:sync_players:167 - Player sync complete: 563 created, 0 updated, 0 failed
2026-07-28 21:20:01.519 | INFO     | app.services.ingestion.service:sync_fixtures:202 - Fixture sync complete: 380 created, 0 updated, 0 failed
2026-07-28 21:20:01.520 | INFO     | app.services.ingestion.service:sync_full_bootstrap:350 - Full bootstrap sync complete in 1.13s: 20 teams, 563 players, 380 fixtures processed
2026-07-28 21:20:01.533 | INFO     | __main__:run:33 - Bootstrap sync done in 1.13s: 20 teams, 563 players, 380 fixtures (0 failures)
2026-07-28 21:20:01.537 | INFO     | __main__:main:87 - Sync complete.
2026-07-28 21:40:08.180 | INFO     | app.core.logging:configure_logging:43 - Logging configured for env='development' level='INFO'
2026-07-28 21:40:08.189 | INFO     | app.db.session:init_db:60 - Database schema ensured at sqlite:///./data/fpl_oracle.db
2026-07-28 21:40:08.688 | INFO     | __main__:run:27 - Fetching bootstrap-static and fixtures from the FPL API...
2026-07-28 21:40:11.513 | INFO     | app.services.ingestion.service:sync_teams:120 - Team sync complete: 0 created, 20 updated, 0 failed
2026-07-28 21:40:12.229 | INFO     | app.services.ingestion.service:sync_players:167 - Player sync complete: 0 created, 563 updated, 0 failed
2026-07-28 21:40:12.599 | INFO     | app.services.ingestion.service:sync_fixtures:202 - Fixture sync complete: 0 created, 380 updated, 0 failed
2026-07-28 21:40:12.599 | INFO     | app.services.ingestion.service:sync_full_bootstrap:350 - Full bootstrap sync complete in 1.16s: 20 teams, 563 players, 380 fixtures processed
2026-07-28 21:40:12.611 | INFO     | __main__:run:33 - Bootstrap sync done in 1.16s: 20 teams, 563 players, 380 fixtures (0 failures)
2026-07-28 21:40:12.615 | INFO     | __main__:main:87 - Sync complete.
2026-07-28 21:49:50.897 | INFO     | app.core.logging:configure_logging:43 - Logging configured for env='development' level='INFO'
2026-07-28 21:49:50.919 | INFO     | app.db.session:init_db:60 - Database schema ensured at sqlite:///./data/fpl_oracle.db
2026-07-28 21:49:51.555 | INFO     | __main__:run:27 - Fetching bootstrap-static and fixtures from the FPL API...
2026-07-28 21:49:54.740 | INFO     | app.services.ingestion.service:sync_teams:120 - Team sync complete: 0 created, 20 updated, 0 failed
2026-07-28 21:49:55.396 | INFO     | app.services.ingestion.service:sync_players:167 - Player sync complete: 0 created, 563 updated, 0 failed
2026-07-28 21:49:56.117 | INFO     | app.services.ingestion.service:sync_fixtures:202 - Fixture sync complete: 0 created, 380 updated, 0 failed
2026-07-28 21:49:56.117 | INFO     | app.services.ingestion.service:sync_full_bootstrap:350 - Full bootstrap sync complete in 1.47s: 20 teams, 563 players, 380 fixtures processed
2026-07-28 21:49:56.128 | INFO     | __main__:run:33 - Bootstrap sync done in 1.47s: 20 teams, 563 players, 380 fixtures (0 failures)
2026-07-28 21:49:56.135 | INFO     | __main__:main:87 - Sync complete.
2026-07-29 13:59:50.729 | INFO     | app.core.logging:configure_logging:43 - Logging configured for env='development' level='INFO'
2026-07-29 13:59:50.751 | INFO     | app.db.session:init_db:60 - Database schema ensured at sqlite:///./data/fpl_oracle.db
2026-07-29 14:01:14.999 | INFO     | app.ml.engine:generate_for_gameweek:198 - DELPHI generated predictions for gw 8 (563 players x 3 horizons) using the heuristic model: 1689 created, 0 updated
2026-07-29 14:01:15.027 | INFO     | __main__:main:63 - Generated predictions for gw 8 using the 'heuristic' model: 563 players, 1689 created, 0 updated
2026-07-29 14:01:36.694 | INFO     | app.core.logging:configure_logging:43 - Logging configured for env='development' level='INFO'
2026-07-29 14:01:36.739 | INFO     | app.db.session:init_db:60 - Database schema ensured at sqlite:///./data/fpl_oracle.db
2026-07-29 14:02:44.881 | INFO     | app.ml.engine:generate_for_gameweek:198 - DELPHI generated predictions for gw 8 (563 players x 3 horizons) using the heuristic model: 0 created, 1689 updated
2026-07-29 14:02:44.885 | INFO     | __main__:main:63 - Generated predictions for gw 8 using the 'heuristic' model: 563 players, 0 created, 1689 updated
2026-07-29 14:05:06.084 | INFO     | app.core.logging:configure_logging:43 - Logging configured for env='development' level='INFO'
2026-07-29 14:05:06.106 | INFO     | app.db.session:init_db:60 - Database schema ensured at sqlite:///./data/fpl_oracle.db
2026-07-29 14:05:48.256 | INFO     | app.ml.engine:generate_for_gameweek:198 - DELPHI generated predictions for gw 8 (563 players x 3 horizons) using the heuristic model: 0 created, 1689 updated
2026-07-29 14:05:48.258 | INFO     | __main__:main:63 - Generated predictions for gw 8 using the 'heuristic' model: 563 players, 0 created, 1689 updated
2026-07-29 14:18:42.574 | INFO     | app.core.logging:configure_logging:43 - Logging configured for env='development' level='INFO'
2026-07-29 14:18:42.595 | INFO     | app.db.session:init_db:60 - Database schema ensured at sqlite:///./data/fpl_oracle.db
2026-07-29 14:18:42.644 | WARNING  | __main__:main:44 - Optimization skipped: No squad state found at or before gameweek 8. Sync 'my squad' before requesting an optimization.
2026-07-30 12:41:28.074 | INFO     | app.core.logging:configure_logging:43 - Logging configured for env='development' level='INFO'
2026-07-30 12:41:28.084 | INFO     | app.db.session:init_db:60 - Database schema ensured at sqlite:///./data/fpl_oracle.db
2026-07-30 12:42:32.494 | INFO     | app.ml.engine:generate_for_gameweek:198 - DELPHI generated predictions for gw 8 (563 players x 3 horizons) using the heuristic model: 0 created, 1689 updated
2026-07-30 12:42:32.497 | INFO     | __main__:main:63 - Generated predictions for gw 8 using the 'heuristic' model: 563 players, 0 created, 1689 updated
2026-07-30 12:42:34.612 | INFO     | app.core.logging:configure_logging:43 - Logging configured for env='development' level='INFO'
2026-07-30 12:42:34.622 | INFO     | app.db.session:init_db:60 - Database schema ensured at sqlite:///./data/fpl_oracle.db
2026-07-30 12:42:34.699 | WARNING  | __main__:main:44 - Optimization skipped: No squad state found at or before gameweek 8. Sync 'my squad' before requesting an optimization.
2026-07-30 12:42:36.527 | INFO     | app.core.logging:configure_logging:43 - Logging configured for env='development' level='INFO'
2026-07-30 12:42:36.538 | INFO     | app.db.session:init_db:60 - Database schema ensured at sqlite:///./data/fpl_oracle.db
2026-07-30 12:42:36.627 | WARNING  | __main__:main:44 - Optimization skipped: No squad state found at or before gameweek 8. Sync 'my squad' before requesting an optimization.
2026-07-30 13:05:46.346 | INFO     | app.core.logging:configure_logging:43 - Logging configured for env='development' level='INFO'
2026-07-30 13:05:46.381 | INFO     | app.db.session:init_db:60 - Database schema ensured at sqlite:///./data/fpl_oracle.db
2026-07-30 13:05:46.535 | WARNING  | __main__:main:44 - Optimization skipped: No squad state found at or before gameweek 1. Sync 'my squad' before requesting an optimization.
2026-07-30 13:11:46.061 | INFO     | app.core.logging:configure_logging:43 - Logging configured for env='development' level='INFO'
2026-07-30 13:11:46.099 | INFO     | app.db.session:init_db:60 - Database schema ensured at sqlite:///./data/fpl_oracle.db
2026-07-30 13:13:09.069 | INFO     | app.ml.engine:generate_for_gameweek:198 - DELPHI generated predictions for gw 8 (563 players x 3 horizons) using the heuristic model: 0 created, 1689 updated
2026-07-30 13:13:09.073 | INFO     | __main__:main:63 - Generated predictions for gw 8 using the 'heuristic' model: 563 players, 0 created, 1689 updated
2026-07-30 13:13:14.653 | INFO     | app.core.logging:configure_logging:43 - Logging configured for env='development' level='INFO'
2026-07-30 13:13:14.684 | INFO     | app.db.session:init_db:60 - Database schema ensured at sqlite:///./data/fpl_oracle.db
2026-07-30 13:13:14.809 | WARNING  | __main__:main:44 - Optimization skipped: No squad state found at or before gameweek 8. Sync 'my squad' before requesting an optimization.
2026-07-30 13:13:18.560 | INFO     | app.core.logging:configure_logging:43 - Logging configured for env='development' level='INFO'
2026-07-30 13:13:18.584 | INFO     | app.db.session:init_db:60 - Database schema ensured at sqlite:///./data/fpl_oracle.db
2026-07-30 13:13:18.718 | WARNING  | __main__:main:44 - Optimization skipped: No squad state found at or before gameweek 8. Sync 'my squad' before requesting an optimization.
2026-07-30 13:13:29.245 | INFO     | app.core.logging:configure_logging:43 - Logging configured for env='development' level='INFO'
2026-07-30 13:13:29.265 | INFO     | app.db.session:init_db:60 - Database schema ensured at sqlite:///./data/fpl_oracle.db
2026-07-30 13:14:41.703 | INFO     | app.ml.engine:generate_for_gameweek:198 - DELPHI generated predictions for gw 8 (563 players x 3 horizons) using the heuristic model: 0 created, 1689 updated
2026-07-30 13:14:41.706 | INFO     | __main__:main:63 - Generated predictions for gw 8 using the 'heuristic' model: 563 players, 0 created, 1689 updated
2026-07-30 13:14:47.952 | INFO     | app.core.logging:configure_logging:43 - Logging configured for env='development' level='INFO'
2026-07-30 13:14:48.004 | INFO     | app.db.session:init_db:60 - Database schema ensured at sqlite:///./data/fpl_oracle.db
2026-07-30 13:14:48.142 | WARNING  | __main__:main:44 - Optimization skipped: No squad state found at or before gameweek 8. Sync 'my squad' before requesting an optimization.
